{
  "mode": "native_mixed_rate_zero_gain_can_shadow",
  "elapsed_s": 120.001571,
  "state_ticks": 60000,
  "deadline_misses": 0,
  "lateness_p99_ms": 0.011895,
  "lateness_max_ms": 0.423603,
  "cpu": 5,
  "scheduler": "SCHED_FIFO",
  "realtime_priority": 50,
  "memory_locked": true,
  "policy_ipc_enabled": true,
  "policy_ipc_state_count": 6000,
  "policy_ipc_target_count": 5999,
  "policy_ipc_target_coverage": 0.999833,
  "policy_ipc_maximum_target_age_ms": 0.860674,
  "policy_ipc_final_target_age_ms": 19.901519,
  "policy_ipc_passed": true,
  "nonzero_gain_or_torque_tx_attempts": 0,
  "automatic_enable_attempts": 0,
  "automatic_mode_switch_attempts": 0,
  "tx_count_by_motor": {
    "left_hip_pitch_motor": 6000,
    "left_hip_roll_motor": 6000,
    "left_hip_yaw_motor": 6000,
    "left_knee_motor": 6000,
    "left_ankle_motor_a": 60000,
    "left_ankle_motor_b": 60000,
    "waist_yaw_motor": 6000,
    "waist_roll_motor": 6000,
    "right_hip_pitch_motor": 6000,
    "right_hip_roll_motor": 6000,
    "right_hip_yaw_motor": 6000,
    "right_knee_motor": 6000,
    "right_ankle_motor_a": 60000,
    "right_ankle_motor_b": 60000,
    "head_motor_a": 6000,
    "head_motor_b": 6000,
    "left_shoulder_pitch_motor": 6000,
    "left_shoulder_roll_motor": 6000,
    "left_shoulder_yaw_motor": 6000,
    "left_elbow_motor": 6000,
    "left_wrist_yaw_motor": 6000,
    "left_wrist_pitch_motor": 6000,
    "left_wrist_roll_motor": 6000,
    "head_yaw_motor": 6000,
    "right_shoulder_pitch_motor": 6000,
    "right_shoulder_roll_motor": 6000,
    "right_shoulder_yaw_motor": 6000,
    "right_elbow_motor": 6000,
    "right_wrist_yaw_motor": 6000,
    "right_wrist_pitch_motor": 6000,
    "right_wrist_roll_motor": 6000
  },
  "rx_count_by_motor": {
    "left_hip_pitch_motor": 6000,
    "left_hip_roll_motor": 6000,
    "left_hip_yaw_motor": 6000,
    "left_knee_motor": 6000,
    "left_ankle_motor_a": 60000,
    "left_ankle_motor_b": 60000,
    "waist_yaw_motor": 6000,
    "waist_roll_motor": 6000,
    "right_hip_pitch_motor": 6000,
    "right_hip_roll_motor": 6000,
    "right_hip_yaw_motor": 6000,
    "right_knee_motor": 6000,
    "right_ankle_motor_a": 60000,
    "right_ankle_motor_b": 60000,
    "head_motor_a": 6000,
    "head_motor_b": 6000,
    "left_shoulder_pitch_motor": 6000,
    "left_shoulder_roll_motor": 6000,
    "left_shoulder_yaw_motor": 6000,
    "left_elbow_motor": 6000,
    "left_wrist_yaw_motor": 6000,
    "left_wrist_pitch_motor": 6000,
    "left_wrist_roll_motor": 6000,
    "head_yaw_motor": 6000,
    "right_shoulder_pitch_motor": 6000,
    "right_shoulder_roll_motor": 6000,
    "right_shoulder_yaw_motor": 6000,
    "right_elbow_motor": 6000,
    "right_wrist_yaw_motor": 6000,
    "right_wrist_pitch_motor": 6000,
    "right_wrist_roll_motor": 6000
  },
  "sample_coverage_by_motor": {
    "left_hip_pitch_motor": 1,
    "left_hip_roll_motor": 1,
    "left_hip_yaw_motor": 1,
    "left_knee_motor": 1,
    "left_ankle_motor_a": 1,
    "left_ankle_motor_b": 1,
    "waist_yaw_motor": 1,
    "waist_roll_motor": 1,
    "right_hip_pitch_motor": 1,
    "right_hip_roll_motor": 1,
    "right_hip_yaw_motor": 1,
    "right_knee_motor": 1,
    "right_ankle_motor_a": 1,
    "right_ankle_motor_b": 1,
    "head_motor_a": 1,
    "head_motor_b": 1,
    "left_shoulder_pitch_motor": 1,
    "left_shoulder_roll_motor": 1,
    "left_shoulder_yaw_motor": 1,
    "left_elbow_motor": 1,
    "left_wrist_yaw_motor": 1,
    "left_wrist_pitch_motor": 1,
    "left_wrist_roll_motor": 1,
    "head_yaw_motor": 1,
    "right_shoulder_pitch_motor": 1,
    "right_shoulder_roll_motor": 1,
    "right_shoulder_yaw_motor": 1,
    "right_elbow_motor": 1,
    "right_wrist_yaw_motor": 1,
    "right_wrist_pitch_motor": 1,
    "right_wrist_roll_motor": 1
  },
  "coverage_passed": true,
  "passed": true
}
